../Core/Src/main.c:62:6:iniciar_DWT	4	static
../Core/Src/main.c:71:6:test_printeo_caracter	24	static
../Core/Src/main.c:82:6:test_printeo_multiples_caracteres	24	static
../Core/Src/main.c:94:6:test_asignaciones_8bits	24	static
../Core/Src/main.c:108:6:test_asignaciones_16bits	24	static
../Core/Src/main.c:122:6:test_asignaciones_32bits	32	static
../Core/Src/main.c:137:6:test_lectura_tim_dos	24	static
../Core/Src/main.c:150:6:test_switch	24	static
../Core/Src/main.c:171:6:test_if	32	static
../Core/Src/main.c:223:6:test_coincidencias	32	static,ignoring_inline_asm
../Core/Src/main.c:245:6:medir_tiempo_ejemplo	24	static
../Core/Src/main.c:338:5:main	8	static
../Core/Src/main.c:397:6:SystemClock_Config	120	static
../Core/Src/main.c:457:13:MX_USART3_UART_Init	8	static
../Core/Src/main.c:505:13:MX_GPIO_Init	48	static
../Core/Src/main.c:541:1:__io_putchar	16	static
../Core/Src/main.c:553:6:MPU_Config	24	static
../Core/Src/main.c:584:6:Error_Handler	4	static,ignoring_inline_asm
